Archive member included because of file (symbol)

/Users/edwinfinch/pebble-dev/PebbleSDK-2.8/Pebble/lib/libpebble.a(tmpuEcOBApebble.o)
                              src/question_window.c.10.o (action_bar_layer_add_to_window)

Allocating common symbols
Common symbol       size              file

questions           0x1f              src/data_framework.c.10.o
current_question    0x4               src/question_window.c.10.o
q_window            0x4               src/question_window.c.10.o
current_answer      0x4               src/question_window.c.10.o
x_icon              0x4               src/question_window.c.10.o
title_layer         0x4               src/question_window.c.10.o
confirm_ab          0x4               src/question_window.c.10.o
question_layer      0x4               src/question_window.c.10.o
check_icon          0x4               src/question_window.c.10.o

Discarded input sections

 .text          0x0000000000000000        0x0 /Users/edwinfinch/pebble-dev/PebbleSDK-2.8/arm-cs-tools/bin/../lib/gcc/arm-none-eabi/4.7.2/thumb2/crti.o
 .bss           0x0000000000000000        0x0 /Users/edwinfinch/pebble-dev/PebbleSDK-2.8/arm-cs-tools/bin/../lib/gcc/arm-none-eabi/4.7.2/thumb2/crti.o
 .init          0x0000000000000000        0x4 /Users/edwinfinch/pebble-dev/PebbleSDK-2.8/arm-cs-tools/bin/../lib/gcc/arm-none-eabi/4.7.2/thumb2/crti.o
 .fini          0x0000000000000000        0x4 /Users/edwinfinch/pebble-dev/PebbleSDK-2.8/arm-cs-tools/bin/../lib/gcc/arm-none-eabi/4.7.2/thumb2/crti.o
 .text          0x0000000000000000       0xc8 /Users/edwinfinch/pebble-dev/PebbleSDK-2.8/arm-cs-tools/bin/../lib/gcc/arm-none-eabi/4.7.2/thumb2/crtbegin.o
 .bss           0x0000000000000000       0x1c /Users/edwinfinch/pebble-dev/PebbleSDK-2.8/arm-cs-tools/bin/../lib/gcc/arm-none-eabi/4.7.2/thumb2/crtbegin.o
 .init_array    0x0000000000000000        0x4 /Users/edwinfinch/pebble-dev/PebbleSDK-2.8/arm-cs-tools/bin/../lib/gcc/arm-none-eabi/4.7.2/thumb2/crtbegin.o
 .fini_array    0x0000000000000000        0x4 /Users/edwinfinch/pebble-dev/PebbleSDK-2.8/arm-cs-tools/bin/../lib/gcc/arm-none-eabi/4.7.2/thumb2/crtbegin.o
 .eh_frame      0x0000000000000000        0x0 /Users/edwinfinch/pebble-dev/PebbleSDK-2.8/arm-cs-tools/bin/../lib/gcc/arm-none-eabi/4.7.2/thumb2/crtbegin.o
 .jcr           0x0000000000000000        0x0 /Users/edwinfinch/pebble-dev/PebbleSDK-2.8/arm-cs-tools/bin/../lib/gcc/arm-none-eabi/4.7.2/thumb2/crtbegin.o
 .tm_clone_table
                0x0000000000000000        0x0 /Users/edwinfinch/pebble-dev/PebbleSDK-2.8/arm-cs-tools/bin/../lib/gcc/arm-none-eabi/4.7.2/thumb2/crtbegin.o
 .text          0x0000000000000000        0x0 src/animated_ab.c.10.o
 .bss           0x0000000000000000        0x0 src/animated_ab.c.10.o
 .text.show_actionbar
                0x0000000000000000        0x6 src/animated_ab.c.10.o
 .text          0x0000000000000000        0x0 src/data_framework.c.10.o
 .bss           0x0000000000000000        0x0 src/data_framework.c.10.o
 .text.qdatapackage_create
                0x0000000000000000        0x6 src/data_framework.c.10.o
 .text.qdatapackage_send
                0x0000000000000000       0x20 src/data_framework.c.10.o
 .rodata.pebble_qs_answers
                0x0000000000000000        0xb src/data_framework.c.10.o
 .text          0x0000000000000000        0x0 src/extras.c.10.o
 .bss           0x0000000000000000        0x0 src/extras.c.10.o
 .text.animate_layer_with_return
                0x0000000000000000       0x3c src/extras.c.10.o
 .text          0x0000000000000000        0x0 src/main.c.10.o
 .bss           0x0000000000000000        0x0 src/main.c.10.o
 .text          0x0000000000000000        0x0 src/question_window.c.10.o
 .bss           0x0000000000000000        0x0 src/question_window.c.10.o
 .text          0x0000000000000000        0x0 appinfo.auto.c.10.o
 .bss           0x0000000000000000        0x0 appinfo.auto.c.10.o
 .bss           0x0000000000000000        0x0 /Users/edwinfinch/pebble-dev/PebbleSDK-2.8/Pebble/lib/libpebble.a(tmpuEcOBApebble.o)
 .text.accel_data_service_subscribe__deprecated
                0x0000000000000000        0xc /Users/edwinfinch/pebble-dev/PebbleSDK-2.8/Pebble/lib/libpebble.a(tmpuEcOBApebble.o)
 .text.accel_data_service_unsubscribe
                0x0000000000000000        0xc /Users/edwinfinch/pebble-dev/PebbleSDK-2.8/Pebble/lib/libpebble.a(tmpuEcOBApebble.o)
 .text.accel_service_peek
                0x0000000000000000        0xc /Users/edwinfinch/pebble-dev/PebbleSDK-2.8/Pebble/lib/libpebble.a(tmpuEcOBApebble.o)
 .text.accel_service_set_samples_per_update
                0x0000000000000000        0xc /Users/edwinfinch/pebble-dev/PebbleSDK-2.8/Pebble/lib/libpebble.a(tmpuEcOBApebble.o)
 .text.accel_service_set_sampling_rate
                0x0000000000000000        0xc /Users/edwinfinch/pebble-dev/PebbleSDK-2.8/Pebble/lib/libpebble.a(tmpuEcOBApebble.o)
 .text.accel_tap_service_subscribe
                0x0000000000000000        0xc /Users/edwinfinch/pebble-dev/PebbleSDK-2.8/Pebble/lib/libpebble.a(tmpuEcOBApebble.o)
 .text.accel_tap_service_unsubscribe
                0x0000000000000000        0xc /Users/edwinfinch/pebble-dev/PebbleSDK-2.8/Pebble/lib/libpebble.a(tmpuEcOBApebble.o)
 .text.action_bar_layer_clear_icon
                0x0000000000000000        0xc /Users/edwinfinch/pebble-dev/PebbleSDK-2.8/Pebble/lib/libpebble.a(tmpuEcOBApebble.o)
 .text.action_bar_layer_remove_from_window
                0x0000000000000000        0xc /Users/edwinfinch/pebble-dev/PebbleSDK-2.8/Pebble/lib/libpebble.a(tmpuEcOBApebble.o)
 .text.action_bar_layer_set_context
                0x0000000000000000        0xc /Users/edwinfinch/pebble-dev/PebbleSDK-2.8/Pebble/lib/libpebble.a(tmpuEcOBApebble.o)
 .text.animation_create
                0x0000000000000000        0xc /Users/edwinfinch/pebble-dev/PebbleSDK-2.8/Pebble/lib/libpebble.a(tmpuEcOBApebble.o)
 .text.animation_destroy
                0x0000000000000000        0xc /Users/edwinfinch/pebble-dev/PebbleSDK-2.8/Pebble/lib/libpebble.a(tmpuEcOBApebble.o)
 .text.animation_get_context
                0x0000000000000000        0xc /Users/edwinfinch/pebble-dev/PebbleSDK-2.8/Pebble/lib/libpebble.a(tmpuEcOBApebble.o)
 .text.animation_set_implementation
                0x0000000000000000        0xc /Users/edwinfinch/pebble-dev/PebbleSDK-2.8/Pebble/lib/libpebble.a(tmpuEcOBApebble.o)
 .text.animation_unschedule_all
                0x0000000000000000        0xc /Users/edwinfinch/pebble-dev/PebbleSDK-2.8/Pebble/lib/libpebble.a(tmpuEcOBApebble.o)
 .text.app_comm_get_sniff_interval
                0x0000000000000000        0xc /Users/edwinfinch/pebble-dev/PebbleSDK-2.8/Pebble/lib/libpebble.a(tmpuEcOBApebble.o)
 .text.app_comm_set_sniff_interval
                0x0000000000000000        0xc /Users/edwinfinch/pebble-dev/PebbleSDK-2.8/Pebble/lib/libpebble.a(tmpuEcOBApebble.o)
 .text.app_message_deregister_callbacks
                0x0000000000000000        0xc /Users/edwinfinch/pebble-dev/PebbleSDK-2.8/Pebble/lib/libpebble.a(tmpuEcOBApebble.o)
 .text.app_sync_deinit
                0x0000000000000000        0xc /Users/edwinfinch/pebble-dev/PebbleSDK-2.8/Pebble/lib/libpebble.a(tmpuEcOBApebble.o)
 .text.app_sync_get
                0x0000000000000000        0xc /Users/edwinfinch/pebble-dev/PebbleSDK-2.8/Pebble/lib/libpebble.a(tmpuEcOBApebble.o)
 .text.app_sync_init
                0x0000000000000000        0xc /Users/edwinfinch/pebble-dev/PebbleSDK-2.8/Pebble/lib/libpebble.a(tmpuEcOBApebble.o)
 .text.app_sync_set
                0x0000000000000000        0xc /Users/edwinfinch/pebble-dev/PebbleSDK-2.8/Pebble/lib/libpebble.a(tmpuEcOBApebble.o)
 .text.app_timer_cancel
                0x0000000000000000        0xc /Users/edwinfinch/pebble-dev/PebbleSDK-2.8/Pebble/lib/libpebble.a(tmpuEcOBApebble.o)
 .text.app_timer_register
                0x0000000000000000        0xc /Users/edwinfinch/pebble-dev/PebbleSDK-2.8/Pebble/lib/libpebble.a(tmpuEcOBApebble.o)
 .text.app_timer_reschedule
                0x0000000000000000        0xc /Users/edwinfinch/pebble-dev/PebbleSDK-2.8/Pebble/lib/libpebble.a(tmpuEcOBApebble.o)
 .text.atan2_lookup
                0x0000000000000000        0xc /Users/edwinfinch/pebble-dev/PebbleSDK-2.8/Pebble/lib/libpebble.a(tmpuEcOBApebble.o)
 .text.atoi     0x0000000000000000        0xc /Users/edwinfinch/pebble-dev/PebbleSDK-2.8/Pebble/lib/libpebble.a(tmpuEcOBApebble.o)
 .text.atol     0x0000000000000000        0xc /Users/edwinfinch/pebble-dev/PebbleSDK-2.8/Pebble/lib/libpebble.a(tmpuEcOBApebble.o)
 .text.battery_state_service_peek
                0x0000000000000000        0xc /Users/edwinfinch/pebble-dev/PebbleSDK-2.8/Pebble/lib/libpebble.a(tmpuEcOBApebble.o)
 .text.battery_state_service_subscribe
                0x0000000000000000        0xc /Users/edwinfinch/pebble-dev/PebbleSDK-2.8/Pebble/lib/libpebble.a(tmpuEcOBApebble.o)
 .text.battery_state_service_unsubscribe
                0x0000000000000000        0xc /Users/edwinfinch/pebble-dev/PebbleSDK-2.8/Pebble/lib/libpebble.a(tmpuEcOBApebble.o)
 .text.bitmap_layer_create
                0x0000000000000000        0xc /Users/edwinfinch/pebble-dev/PebbleSDK-2.8/Pebble/lib/libpebble.a(tmpuEcOBApebble.o)
 .text.bitmap_layer_destroy
                0x0000000000000000        0xc /Users/edwinfinch/pebble-dev/PebbleSDK-2.8/Pebble/lib/libpebble.a(tmpuEcOBApebble.o)
 .text.bitmap_layer_get_layer
                0x0000000000000000        0xc /Users/edwinfinch/pebble-dev/PebbleSDK-2.8/Pebble/lib/libpebble.a(tmpuEcOBApebble.o)
 .text.bitmap_layer_set_alignment
                0x0000000000000000        0xc /Users/edwinfinch/pebble-dev/PebbleSDK-2.8/Pebble/lib/libpebble.a(tmpuEcOBApebble.o)
 .text.bitmap_layer_set_background_color
                0x0000000000000000        0xc /Users/edwinfinch/pebble-dev/PebbleSDK-2.8/Pebble/lib/libpebble.a(tmpuEcOBApebble.o)
 .text.bitmap_layer_set_bitmap
                0x0000000000000000        0xc /Users/edwinfinch/pebble-dev/PebbleSDK-2.8/Pebble/lib/libpebble.a(tmpuEcOBApebble.o)
 .text.bitmap_layer_set_compositing_mode
                0x0000000000000000        0xc /Users/edwinfinch/pebble-dev/PebbleSDK-2.8/Pebble/lib/libpebble.a(tmpuEcOBApebble.o)
 .text.bluetooth_connection_service_peek
                0x0000000000000000        0xc /Users/edwinfinch/pebble-dev/PebbleSDK-2.8/Pebble/lib/libpebble.a(tmpuEcOBApebble.o)
 .text.bluetooth_connection_service_subscribe
                0x0000000000000000        0xc /Users/edwinfinch/pebble-dev/PebbleSDK-2.8/Pebble/lib/libpebble.a(tmpuEcOBApebble.o)
 .text.bluetooth_connection_service_unsubscribe
                0x0000000000000000        0xc /Users/edwinfinch/pebble-dev/PebbleSDK-2.8/Pebble/lib/libpebble.a(tmpuEcOBApebble.o)
 .text.click_number_of_clicks_counted
                0x0000000000000000        0xc /Users/edwinfinch/pebble-dev/PebbleSDK-2.8/Pebble/lib/libpebble.a(tmpuEcOBApebble.o)
 .text.click_recognizer_get_button_id
                0x0000000000000000        0xc /Users/edwinfinch/pebble-dev/PebbleSDK-2.8/Pebble/lib/libpebble.a(tmpuEcOBApebble.o)
 .text.clock_copy_time_string
                0x0000000000000000        0xc /Users/edwinfinch/pebble-dev/PebbleSDK-2.8/Pebble/lib/libpebble.a(tmpuEcOBApebble.o)
 .text.clock_is_24h_style
                0x0000000000000000        0xc /Users/edwinfinch/pebble-dev/PebbleSDK-2.8/Pebble/lib/libpebble.a(tmpuEcOBApebble.o)
 .text.cos_lookup
                0x0000000000000000        0xc /Users/edwinfinch/pebble-dev/PebbleSDK-2.8/Pebble/lib/libpebble.a(tmpuEcOBApebble.o)
 .text.data_logging_create
                0x0000000000000000        0xc /Users/edwinfinch/pebble-dev/PebbleSDK-2.8/Pebble/lib/libpebble.a(tmpuEcOBApebble.o)
 .text.data_logging_finish
                0x0000000000000000        0xc /Users/edwinfinch/pebble-dev/PebbleSDK-2.8/Pebble/lib/libpebble.a(tmpuEcOBApebble.o)
 .text.data_logging_log
                0x0000000000000000        0xc /Users/edwinfinch/pebble-dev/PebbleSDK-2.8/Pebble/lib/libpebble.a(tmpuEcOBApebble.o)
 .text.dict_calc_buffer_size
                0x0000000000000000        0xc /Users/edwinfinch/pebble-dev/PebbleSDK-2.8/Pebble/lib/libpebble.a(tmpuEcOBApebble.o)
 .text.dict_calc_buffer_size_from_tuplets
                0x0000000000000000        0xc /Users/edwinfinch/pebble-dev/PebbleSDK-2.8/Pebble/lib/libpebble.a(tmpuEcOBApebble.o)
 .text.dict_find
                0x0000000000000000        0xc /Users/edwinfinch/pebble-dev/PebbleSDK-2.8/Pebble/lib/libpebble.a(tmpuEcOBApebble.o)
 .text.dict_merge
                0x0000000000000000        0xc /Users/edwinfinch/pebble-dev/PebbleSDK-2.8/Pebble/lib/libpebble.a(tmpuEcOBApebble.o)
 .text.dict_read_begin_from_buffer
                0x0000000000000000        0xc /Users/edwinfinch/pebble-dev/PebbleSDK-2.8/Pebble/lib/libpebble.a(tmpuEcOBApebble.o)
 .text.dict_serialize_tuplets
                0x0000000000000000        0xc /Users/edwinfinch/pebble-dev/PebbleSDK-2.8/Pebble/lib/libpebble.a(tmpuEcOBApebble.o)
 .text.dict_serialize_tuplets_to_buffer__deprecated
                0x0000000000000000        0xc /Users/edwinfinch/pebble-dev/PebbleSDK-2.8/Pebble/lib/libpebble.a(tmpuEcOBApebble.o)
 .text.dict_serialize_tuplets_to_buffer_with_iter
                0x0000000000000000        0xc /Users/edwinfinch/pebble-dev/PebbleSDK-2.8/Pebble/lib/libpebble.a(tmpuEcOBApebble.o)
 .text.dict_write_begin
                0x0000000000000000        0xc /Users/edwinfinch/pebble-dev/PebbleSDK-2.8/Pebble/lib/libpebble.a(tmpuEcOBApebble.o)
 .text.dict_write_data
                0x0000000000000000        0xc /Users/edwinfinch/pebble-dev/PebbleSDK-2.8/Pebble/lib/libpebble.a(tmpuEcOBApebble.o)
 .text.dict_write_int
                0x0000000000000000        0xc /Users/edwinfinch/pebble-dev/PebbleSDK-2.8/Pebble/lib/libpebble.a(tmpuEcOBApebble.o)
 .text.dict_write_int16
                0x0000000000000000        0xc /Users/edwinfinch/pebble-dev/PebbleSDK-2.8/Pebble/lib/libpebble.a(tmpuEcOBApebble.o)
 .text.dict_write_int32
                0x0000000000000000        0xc /Users/edwinfinch/pebble-dev/PebbleSDK-2.8/Pebble/lib/libpebble.a(tmpuEcOBApebble.o)
 .text.dict_write_int8
                0x0000000000000000        0xc /Users/edwinfinch/pebble-dev/PebbleSDK-2.8/Pebble/lib/libpebble.a(tmpuEcOBApebble.o)
 .text.dict_write_tuplet
                0x0000000000000000        0xc /Users/edwinfinch/pebble-dev/PebbleSDK-2.8/Pebble/lib/libpebble.a(tmpuEcOBApebble.o)
 .text.dict_write_uint16
                0x0000000000000000        0xc /Users/edwinfinch/pebble-dev/PebbleSDK-2.8/Pebble/lib/libpebble.a(tmpuEcOBApebble.o)
 .text.fonts_load_custom_font
                0x0000000000000000        0xc /Users/edwinfinch/pebble-dev/PebbleSDK-2.8/Pebble/lib/libpebble.a(tmpuEcOBApebble.o)
 .text.fonts_unload_custom_font
                0x0000000000000000        0xc /Users/edwinfinch/pebble-dev/PebbleSDK-2.8/Pebble/lib/libpebble.a(tmpuEcOBApebble.o)
 .text.free     0x0000000000000000        0xc /Users/edwinfinch/pebble-dev/PebbleSDK-2.8/Pebble/lib/libpebble.a(tmpuEcOBApebble.o)
 .text.gbitmap_create_as_sub_bitmap
                0x0000000000000000        0xc /Users/edwinfinch/pebble-dev/PebbleSDK-2.8/Pebble/lib/libpebble.a(tmpuEcOBApebble.o)
 .text.gbitmap_create_with_data
                0x0000000000000000        0xc /Users/edwinfinch/pebble-dev/PebbleSDK-2.8/Pebble/lib/libpebble.a(tmpuEcOBApebble.o)
 .text.gmtime   0x0000000000000000        0xc /Users/edwinfinch/pebble-dev/PebbleSDK-2.8/Pebble/lib/libpebble.a(tmpuEcOBApebble.o)
 .text.gpath_create
                0x0000000000000000        0xc /Users/edwinfinch/pebble-dev/PebbleSDK-2.8/Pebble/lib/libpebble.a(tmpuEcOBApebble.o)
 .text.gpath_destroy
                0x0000000000000000        0xc /Users/edwinfinch/pebble-dev/PebbleSDK-2.8/Pebble/lib/libpebble.a(tmpuEcOBApebble.o)
 .text.gpath_draw_filled_legacy
                0x0000000000000000        0xc /Users/edwinfinch/pebble-dev/PebbleSDK-2.8/Pebble/lib/libpebble.a(tmpuEcOBApebble.o)
 .text.gpath_draw_outline
                0x0000000000000000        0xc /Users/edwinfinch/pebble-dev/PebbleSDK-2.8/Pebble/lib/libpebble.a(tmpuEcOBApebble.o)
 .text.gpath_move_to
                0x0000000000000000        0xc /Users/edwinfinch/pebble-dev/PebbleSDK-2.8/Pebble/lib/libpebble.a(tmpuEcOBApebble.o)
 .text.gpath_rotate_to
                0x0000000000000000        0xc /Users/edwinfinch/pebble-dev/PebbleSDK-2.8/Pebble/lib/libpebble.a(tmpuEcOBApebble.o)
 .text.gpoint_equal
                0x0000000000000000        0xc /Users/edwinfinch/pebble-dev/PebbleSDK-2.8/Pebble/lib/libpebble.a(tmpuEcOBApebble.o)
 .text.graphics_context_set_compositing_mode
                0x0000000000000000        0xc /Users/edwinfinch/pebble-dev/PebbleSDK-2.8/Pebble/lib/libpebble.a(tmpuEcOBApebble.o)
 .text.graphics_context_set_fill_color
                0x0000000000000000        0xc /Users/edwinfinch/pebble-dev/PebbleSDK-2.8/Pebble/lib/libpebble.a(tmpuEcOBApebble.o)
 .text.graphics_context_set_stroke_color
                0x0000000000000000        0xc /Users/edwinfinch/pebble-dev/PebbleSDK-2.8/Pebble/lib/libpebble.a(tmpuEcOBApebble.o)
 .text.graphics_context_set_text_color
                0x0000000000000000        0xc /Users/edwinfinch/pebble-dev/PebbleSDK-2.8/Pebble/lib/libpebble.a(tmpuEcOBApebble.o)
 .text.graphics_draw_bitmap_in_rect
                0x0000000000000000        0xc /Users/edwinfinch/pebble-dev/PebbleSDK-2.8/Pebble/lib/libpebble.a(tmpuEcOBApebble.o)
 .text.graphics_draw_circle
                0x0000000000000000        0xc /Users/edwinfinch/pebble-dev/PebbleSDK-2.8/Pebble/lib/libpebble.a(tmpuEcOBApebble.o)
 .text.graphics_draw_line
                0x0000000000000000        0xc /Users/edwinfinch/pebble-dev/PebbleSDK-2.8/Pebble/lib/libpebble.a(tmpuEcOBApebble.o)
 .text.graphics_draw_pixel
                0x0000000000000000        0xc /Users/edwinfinch/pebble-dev/PebbleSDK-2.8/Pebble/lib/libpebble.a(tmpuEcOBApebble.o)
 .text.graphics_draw_rect
                0x0000000000000000        0xc /Users/edwinfinch/pebble-dev/PebbleSDK-2.8/Pebble/lib/libpebble.a(tmpuEcOBApebble.o)
 .text.graphics_draw_round_rect
                0x0000000000000000        0xc /Users/edwinfinch/pebble-dev/PebbleSDK-2.8/Pebble/lib/libpebble.a(tmpuEcOBApebble.o)
 .text.graphics_fill_circle
                0x0000000000000000        0xc /Users/edwinfinch/pebble-dev/PebbleSDK-2.8/Pebble/lib/libpebble.a(tmpuEcOBApebble.o)
 .text.graphics_fill_rect
                0x0000000000000000        0xc /Users/edwinfinch/pebble-dev/PebbleSDK-2.8/Pebble/lib/libpebble.a(tmpuEcOBApebble.o)
 .text.graphics_text_layout_get_max_used_size
                0x0000000000000000        0xc /Users/edwinfinch/pebble-dev/PebbleSDK-2.8/Pebble/lib/libpebble.a(tmpuEcOBApebble.o)
 .text.grect_align
                0x0000000000000000        0xc /Users/edwinfinch/pebble-dev/PebbleSDK-2.8/Pebble/lib/libpebble.a(tmpuEcOBApebble.o)
 .text.grect_center_point
                0x0000000000000000        0xc /Users/edwinfinch/pebble-dev/PebbleSDK-2.8/Pebble/lib/libpebble.a(tmpuEcOBApebble.o)
 .text.grect_clip
                0x0000000000000000        0xc /Users/edwinfinch/pebble-dev/PebbleSDK-2.8/Pebble/lib/libpebble.a(tmpuEcOBApebble.o)
 .text.grect_contains_point
                0x0000000000000000        0xc /Users/edwinfinch/pebble-dev/PebbleSDK-2.8/Pebble/lib/libpebble.a(tmpuEcOBApebble.o)
 .text.grect_crop
                0x0000000000000000        0xc /Users/edwinfinch/pebble-dev/PebbleSDK-2.8/Pebble/lib/libpebble.a(tmpuEcOBApebble.o)
 .text.grect_equal
                0x0000000000000000        0xc /Users/edwinfinch/pebble-dev/PebbleSDK-2.8/Pebble/lib/libpebble.a(tmpuEcOBApebble.o)
 .text.grect_is_empty
                0x0000000000000000        0xc /Users/edwinfinch/pebble-dev/PebbleSDK-2.8/Pebble/lib/libpebble.a(tmpuEcOBApebble.o)
 .text.grect_standardize
                0x0000000000000000        0xc /Users/edwinfinch/pebble-dev/PebbleSDK-2.8/Pebble/lib/libpebble.a(tmpuEcOBApebble.o)
 .text.gsize_equal
                0x0000000000000000        0xc /Users/edwinfinch/pebble-dev/PebbleSDK-2.8/Pebble/lib/libpebble.a(tmpuEcOBApebble.o)
 .text.inverter_layer_create
                0x0000000000000000        0xc /Users/edwinfinch/pebble-dev/PebbleSDK-2.8/Pebble/lib/libpebble.a(tmpuEcOBApebble.o)
 .text.inverter_layer_destroy
                0x0000000000000000        0xc /Users/edwinfinch/pebble-dev/PebbleSDK-2.8/Pebble/lib/libpebble.a(tmpuEcOBApebble.o)
 .text.inverter_layer_get_layer
                0x0000000000000000        0xc /Users/edwinfinch/pebble-dev/PebbleSDK-2.8/Pebble/lib/libpebble.a(tmpuEcOBApebble.o)
 .text.layer_create
                0x0000000000000000        0xc /Users/edwinfinch/pebble-dev/PebbleSDK-2.8/Pebble/lib/libpebble.a(tmpuEcOBApebble.o)
 .text.layer_create_with_data
                0x0000000000000000        0xc /Users/edwinfinch/pebble-dev/PebbleSDK-2.8/Pebble/lib/libpebble.a(tmpuEcOBApebble.o)
 .text.layer_destroy
                0x0000000000000000        0xc /Users/edwinfinch/pebble-dev/PebbleSDK-2.8/Pebble/lib/libpebble.a(tmpuEcOBApebble.o)
 .text.layer_get_clips
                0x0000000000000000        0xc /Users/edwinfinch/pebble-dev/PebbleSDK-2.8/Pebble/lib/libpebble.a(tmpuEcOBApebble.o)
 .text.layer_get_data
                0x0000000000000000        0xc /Users/edwinfinch/pebble-dev/PebbleSDK-2.8/Pebble/lib/libpebble.a(tmpuEcOBApebble.o)
 .text.layer_get_frame
                0x0000000000000000        0xc /Users/edwinfinch/pebble-dev/PebbleSDK-2.8/Pebble/lib/libpebble.a(tmpuEcOBApebble.o)
 .text.layer_get_hidden
                0x0000000000000000        0xc /Users/edwinfinch/pebble-dev/PebbleSDK-2.8/Pebble/lib/libpebble.a(tmpuEcOBApebble.o)
 .text.layer_get_window
                0x0000000000000000        0xc /Users/edwinfinch/pebble-dev/PebbleSDK-2.8/Pebble/lib/libpebble.a(tmpuEcOBApebble.o)
 .text.layer_insert_above_sibling
                0x0000000000000000        0xc /Users/edwinfinch/pebble-dev/PebbleSDK-2.8/Pebble/lib/libpebble.a(tmpuEcOBApebble.o)
 .text.layer_insert_below_sibling
                0x0000000000000000        0xc /Users/edwinfinch/pebble-dev/PebbleSDK-2.8/Pebble/lib/libpebble.a(tmpuEcOBApebble.o)
 .text.layer_mark_dirty
                0x0000000000000000        0xc /Users/edwinfinch/pebble-dev/PebbleSDK-2.8/Pebble/lib/libpebble.a(tmpuEcOBApebble.o)
 .text.layer_remove_child_layers
                0x0000000000000000        0xc /Users/edwinfinch/pebble-dev/PebbleSDK-2.8/Pebble/lib/libpebble.a(tmpuEcOBApebble.o)
 .text.layer_remove_from_parent
                0x0000000000000000        0xc /Users/edwinfinch/pebble-dev/PebbleSDK-2.8/Pebble/lib/libpebble.a(tmpuEcOBApebble.o)
 .text.layer_set_bounds
                0x0000000000000000        0xc /Users/edwinfinch/pebble-dev/PebbleSDK-2.8/Pebble/lib/libpebble.a(tmpuEcOBApebble.o)
 .text.layer_set_clips
                0x0000000000000000        0xc /Users/edwinfinch/pebble-dev/PebbleSDK-2.8/Pebble/lib/libpebble.a(tmpuEcOBApebble.o)
 .text.layer_set_frame
                0x0000000000000000        0xc /Users/edwinfinch/pebble-dev/PebbleSDK-2.8/Pebble/lib/libpebble.a(tmpuEcOBApebble.o)
 .text.layer_set_hidden
                0x0000000000000000        0xc /Users/edwinfinch/pebble-dev/PebbleSDK-2.8/Pebble/lib/libpebble.a(tmpuEcOBApebble.o)
 .text.layer_set_update_proc
                0x0000000000000000        0xc /Users/edwinfinch/pebble-dev/PebbleSDK-2.8/Pebble/lib/libpebble.a(tmpuEcOBApebble.o)
 .text.light_enable
                0x0000000000000000        0xc /Users/edwinfinch/pebble-dev/PebbleSDK-2.8/Pebble/lib/libpebble.a(tmpuEcOBApebble.o)
 .text.light_enable_interaction
                0x0000000000000000        0xc /Users/edwinfinch/pebble-dev/PebbleSDK-2.8/Pebble/lib/libpebble.a(tmpuEcOBApebble.o)
 .text.localtime
                0x0000000000000000        0xc /Users/edwinfinch/pebble-dev/PebbleSDK-2.8/Pebble/lib/libpebble.a(tmpuEcOBApebble.o)
 .text.memcpy   0x0000000000000000        0xc /Users/edwinfinch/pebble-dev/PebbleSDK-2.8/Pebble/lib/libpebble.a(tmpuEcOBApebble.o)
 .text.memmove  0x0000000000000000        0xc /Users/edwinfinch/pebble-dev/PebbleSDK-2.8/Pebble/lib/libpebble.a(tmpuEcOBApebble.o)
 .text.menu_cell_basic_draw
                0x0000000000000000        0xc /Users/edwinfinch/pebble-dev/PebbleSDK-2.8/Pebble/lib/libpebble.a(tmpuEcOBApebble.o)
 .text.menu_cell_basic_header_draw
                0x0000000000000000        0xc /Users/edwinfinch/pebble-dev/PebbleSDK-2.8/Pebble/lib/libpebble.a(tmpuEcOBApebble.o)
 .text.menu_cell_title_draw
                0x0000000000000000        0xc /Users/edwinfinch/pebble-dev/PebbleSDK-2.8/Pebble/lib/libpebble.a(tmpuEcOBApebble.o)
 .text.menu_index_compare
                0x0000000000000000        0xc /Users/edwinfinch/pebble-dev/PebbleSDK-2.8/Pebble/lib/libpebble.a(tmpuEcOBApebble.o)
 .text.menu_layer_create
                0x0000000000000000        0xc /Users/edwinfinch/pebble-dev/PebbleSDK-2.8/Pebble/lib/libpebble.a(tmpuEcOBApebble.o)
 .text.menu_layer_destroy
                0x0000000000000000        0xc /Users/edwinfinch/pebble-dev/PebbleSDK-2.8/Pebble/lib/libpebble.a(tmpuEcOBApebble.o)
 .text.menu_layer_get_layer
                0x0000000000000000        0xc /Users/edwinfinch/pebble-dev/PebbleSDK-2.8/Pebble/lib/libpebble.a(tmpuEcOBApebble.o)
 .text.menu_layer_get_scroll_layer
                0x0000000000000000        0xc /Users/edwinfinch/pebble-dev/PebbleSDK-2.8/Pebble/lib/libpebble.a(tmpuEcOBApebble.o)
 .text.menu_layer_get_selected_index
                0x0000000000000000        0xc /Users/edwinfinch/pebble-dev/PebbleSDK-2.8/Pebble/lib/libpebble.a(tmpuEcOBApebble.o)
 .text.menu_layer_reload_data
                0x0000000000000000        0xc /Users/edwinfinch/pebble-dev/PebbleSDK-2.8/Pebble/lib/libpebble.a(tmpuEcOBApebble.o)
 .text.menu_layer_set_callbacks__deprecated
                0x0000000000000000        0xc /Users/edwinfinch/pebble-dev/PebbleSDK-2.8/Pebble/lib/libpebble.a(tmpuEcOBApebble.o)
 .text.menu_layer_set_click_config_onto_window
                0x0000000000000000        0xc /Users/edwinfinch/pebble-dev/PebbleSDK-2.8/Pebble/lib/libpebble.a(tmpuEcOBApebble.o)
 .text.menu_layer_set_selected_index
                0x0000000000000000        0xc /Users/edwinfinch/pebble-dev/PebbleSDK-2.8/Pebble/lib/libpebble.a(tmpuEcOBApebble.o)
 .text.menu_layer_set_selected_next
                0x0000000000000000        0xc /Users/edwinfinch/pebble-dev/PebbleSDK-2.8/Pebble/lib/libpebble.a(tmpuEcOBApebble.o)
 .text.number_window_create
                0x0000000000000000        0xc /Users/edwinfinch/pebble-dev/PebbleSDK-2.8/Pebble/lib/libpebble.a(tmpuEcOBApebble.o)
 .text.number_window_destroy
                0x0000000000000000        0xc /Users/edwinfinch/pebble-dev/PebbleSDK-2.8/Pebble/lib/libpebble.a(tmpuEcOBApebble.o)
 .text.number_window_get_value
                0x0000000000000000        0xc /Users/edwinfinch/pebble-dev/PebbleSDK-2.8/Pebble/lib/libpebble.a(tmpuEcOBApebble.o)
 .text.number_window_set_label
                0x0000000000000000        0xc /Users/edwinfinch/pebble-dev/PebbleSDK-2.8/Pebble/lib/libpebble.a(tmpuEcOBApebble.o)
 .text.number_window_set_max
                0x0000000000000000        0xc /Users/edwinfinch/pebble-dev/PebbleSDK-2.8/Pebble/lib/libpebble.a(tmpuEcOBApebble.o)
 .text.number_window_set_min
                0x0000000000000000        0xc /Users/edwinfinch/pebble-dev/PebbleSDK-2.8/Pebble/lib/libpebble.a(tmpuEcOBApebble.o)
 .text.number_window_set_step_size
                0x0000000000000000        0xc /Users/edwinfinch/pebble-dev/PebbleSDK-2.8/Pebble/lib/libpebble.a(tmpuEcOBApebble.o)
 .text.number_window_set_value
                0x0000000000000000        0xc /Users/edwinfinch/pebble-dev/PebbleSDK-2.8/Pebble/lib/libpebble.a(tmpuEcOBApebble.o)
 .text.persist_delete
                0x0000000000000000        0xc /Users/edwinfinch/pebble-dev/PebbleSDK-2.8/Pebble/lib/libpebble.a(tmpuEcOBApebble.o)
 .text.persist_get_size
                0x0000000000000000        0xc /Users/edwinfinch/pebble-dev/PebbleSDK-2.8/Pebble/lib/libpebble.a(tmpuEcOBApebble.o)
 .text.persist_read_bool
                0x0000000000000000        0xc /Users/edwinfinch/pebble-dev/PebbleSDK-2.8/Pebble/lib/libpebble.a(tmpuEcOBApebble.o)
 .text.persist_read_data__deprecated
                0x0000000000000000        0xc /Users/edwinfinch/pebble-dev/PebbleSDK-2.8/Pebble/lib/libpebble.a(tmpuEcOBApebble.o)
 .text.persist_read_string__deprecated
                0x0000000000000000        0xc /Users/edwinfinch/pebble-dev/PebbleSDK-2.8/Pebble/lib/libpebble.a(tmpuEcOBApebble.o)
 .text.persist_write_bool
                0x0000000000000000        0xc /Users/edwinfinch/pebble-dev/PebbleSDK-2.8/Pebble/lib/libpebble.a(tmpuEcOBApebble.o)
 .text.persist_write_data__deprecated
                0x0000000000000000        0xc /Users/edwinfinch/pebble-dev/PebbleSDK-2.8/Pebble/lib/libpebble.a(tmpuEcOBApebble.o)
 .text.persist_write_string
                0x0000000000000000        0xc /Users/edwinfinch/pebble-dev/PebbleSDK-2.8/Pebble/lib/libpebble.a(tmpuEcOBApebble.o)
 .text.property_animation_create
                0x0000000000000000        0xc /Users/edwinfinch/pebble-dev/PebbleSDK-2.8/Pebble/lib/libpebble.a(tmpuEcOBApebble.o)
 .text.property_animation_update_gpoint
                0x0000000000000000        0xc /Users/edwinfinch/pebble-dev/PebbleSDK-2.8/Pebble/lib/libpebble.a(tmpuEcOBApebble.o)
 .text.property_animation_update_grect
                0x0000000000000000        0xc /Users/edwinfinch/pebble-dev/PebbleSDK-2.8/Pebble/lib/libpebble.a(tmpuEcOBApebble.o)
 .text.property_animation_update_int16
                0x0000000000000000        0xc /Users/edwinfinch/pebble-dev/PebbleSDK-2.8/Pebble/lib/libpebble.a(tmpuEcOBApebble.o)
 .text.psleep   0x0000000000000000        0xc /Users/edwinfinch/pebble-dev/PebbleSDK-2.8/Pebble/lib/libpebble.a(tmpuEcOBApebble.o)
 .text.resource_get_handle
                0x0000000000000000        0xc /Users/edwinfinch/pebble-dev/PebbleSDK-2.8/Pebble/lib/libpebble.a(tmpuEcOBApebble.o)
 .text.resource_load
                0x0000000000000000        0xc /Users/edwinfinch/pebble-dev/PebbleSDK-2.8/Pebble/lib/libpebble.a(tmpuEcOBApebble.o)
 .text.resource_load_byte_range
                0x0000000000000000        0xc /Users/edwinfinch/pebble-dev/PebbleSDK-2.8/Pebble/lib/libpebble.a(tmpuEcOBApebble.o)
 .text.resource_size
                0x0000000000000000        0xc /Users/edwinfinch/pebble-dev/PebbleSDK-2.8/Pebble/lib/libpebble.a(tmpuEcOBApebble.o)
 .text.rot_bitmap_layer_create
                0x0000000000000000        0xc /Users/edwinfinch/pebble-dev/PebbleSDK-2.8/Pebble/lib/libpebble.a(tmpuEcOBApebble.o)
 .text.rot_bitmap_layer_destroy
                0x0000000000000000        0xc /Users/edwinfinch/pebble-dev/PebbleSDK-2.8/Pebble/lib/libpebble.a(tmpuEcOBApebble.o)
 .text.rot_bitmap_layer_increment_angle
                0x0000000000000000        0xc /Users/edwinfinch/pebble-dev/PebbleSDK-2.8/Pebble/lib/libpebble.a(tmpuEcOBApebble.o)
 .text.rot_bitmap_layer_set_angle
                0x0000000000000000        0xc /Users/edwinfinch/pebble-dev/PebbleSDK-2.8/Pebble/lib/libpebble.a(tmpuEcOBApebble.o)
 .text.rot_bitmap_layer_set_corner_clip_color
                0x0000000000000000        0xc /Users/edwinfinch/pebble-dev/PebbleSDK-2.8/Pebble/lib/libpebble.a(tmpuEcOBApebble.o)
 .text.rot_bitmap_set_compositing_mode
                0x0000000000000000        0xc /Users/edwinfinch/pebble-dev/PebbleSDK-2.8/Pebble/lib/libpebble.a(tmpuEcOBApebble.o)
 .text.rot_bitmap_set_src_ic
                0x0000000000000000        0xc /Users/edwinfinch/pebble-dev/PebbleSDK-2.8/Pebble/lib/libpebble.a(tmpuEcOBApebble.o)
 .text.scroll_layer_add_child
                0x0000000000000000        0xc /Users/edwinfinch/pebble-dev/PebbleSDK-2.8/Pebble/lib/libpebble.a(tmpuEcOBApebble.o)
 .text.scroll_layer_create
                0x0000000000000000        0xc /Users/edwinfinch/pebble-dev/PebbleSDK-2.8/Pebble/lib/libpebble.a(tmpuEcOBApebble.o)
 .text.scroll_layer_destroy
                0x0000000000000000        0xc /Users/edwinfinch/pebble-dev/PebbleSDK-2.8/Pebble/lib/libpebble.a(tmpuEcOBApebble.o)
 .text.scroll_layer_get_content_offset
                0x0000000000000000        0xc /Users/edwinfinch/pebble-dev/PebbleSDK-2.8/Pebble/lib/libpebble.a(tmpuEcOBApebble.o)
 .text.scroll_layer_get_content_size
                0x0000000000000000        0xc /Users/edwinfinch/pebble-dev/PebbleSDK-2.8/Pebble/lib/libpebble.a(tmpuEcOBApebble.o)
 .text.scroll_layer_get_layer
                0x0000000000000000        0xc /Users/edwinfinch/pebble-dev/PebbleSDK-2.8/Pebble/lib/libpebble.a(tmpuEcOBApebble.o)
 .text.scroll_layer_get_shadow_hidden
                0x0000000000000000        0xc /Users/edwinfinch/pebble-dev/PebbleSDK-2.8/Pebble/lib/libpebble.a(tmpuEcOBApebble.o)
 .text.scroll_layer_scroll_down_click_handler
                0x0000000000000000        0xc /Users/edwinfinch/pebble-dev/PebbleSDK-2.8/Pebble/lib/libpebble.a(tmpuEcOBApebble.o)
 .text.scroll_layer_scroll_up_click_handler
                0x0000000000000000        0xc /Users/edwinfinch/pebble-dev/PebbleSDK-2.8/Pebble/lib/libpebble.a(tmpuEcOBApebble.o)
 .text.scroll_layer_set_callbacks
                0x0000000000000000        0xc /Users/edwinfinch/pebble-dev/PebbleSDK-2.8/Pebble/lib/libpebble.a(tmpuEcOBApebble.o)
 .text.scroll_layer_set_click_config_onto_window
                0x0000000000000000        0xc /Users/edwinfinch/pebble-dev/PebbleSDK-2.8/Pebble/lib/libpebble.a(tmpuEcOBApebble.o)
 .text.scroll_layer_set_content_offset
                0x0000000000000000        0xc /Users/edwinfinch/pebble-dev/PebbleSDK-2.8/Pebble/lib/libpebble.a(tmpuEcOBApebble.o)
 .text.scroll_layer_set_content_size
                0x0000000000000000        0xc /Users/edwinfinch/pebble-dev/PebbleSDK-2.8/Pebble/lib/libpebble.a(tmpuEcOBApebble.o)
 .text.scroll_layer_set_context
                0x0000000000000000        0xc /Users/edwinfinch/pebble-dev/PebbleSDK-2.8/Pebble/lib/libpebble.a(tmpuEcOBApebble.o)
 .text.scroll_layer_set_frame
                0x0000000000000000        0xc /Users/edwinfinch/pebble-dev/PebbleSDK-2.8/Pebble/lib/libpebble.a(tmpuEcOBApebble.o)
 .text.scroll_layer_set_shadow_hidden
                0x0000000000000000        0xc /Users/edwinfinch/pebble-dev/PebbleSDK-2.8/Pebble/lib/libpebble.a(tmpuEcOBApebble.o)
 .text.simple_menu_layer_create
                0x0000000000000000        0xc /Users/edwinfinch/pebble-dev/PebbleSDK-2.8/Pebble/lib/libpebble.a(tmpuEcOBApebble.o)
 .text.simple_menu_layer_destroy
                0x0000000000000000        0xc /Users/edwinfinch/pebble-dev/PebbleSDK-2.8/Pebble/lib/libpebble.a(tmpuEcOBApebble.o)
 .text.simple_menu_layer_get_layer
                0x0000000000000000        0xc /Users/edwinfinch/pebble-dev/PebbleSDK-2.8/Pebble/lib/libpebble.a(tmpuEcOBApebble.o)
 .text.simple_menu_layer_get_selected_index
                0x0000000000000000        0xc /Users/edwinfinch/pebble-dev/PebbleSDK-2.8/Pebble/lib/libpebble.a(tmpuEcOBApebble.o)
 .text.simple_menu_layer_set_selected_index
                0x0000000000000000        0xc /Users/edwinfinch/pebble-dev/PebbleSDK-2.8/Pebble/lib/libpebble.a(tmpuEcOBApebble.o)
 .text.sin_lookup
                0x0000000000000000        0xc /Users/edwinfinch/pebble-dev/PebbleSDK-2.8/Pebble/lib/libpebble.a(tmpuEcOBApebble.o)
 .text.snprintf
                0x0000000000000000        0xc /Users/edwinfinch/pebble-dev/PebbleSDK-2.8/Pebble/lib/libpebble.a(tmpuEcOBApebble.o)
 .text.strcat   0x0000000000000000        0xc /Users/edwinfinch/pebble-dev/PebbleSDK-2.8/Pebble/lib/libpebble.a(tmpuEcOBApebble.o)
 .text.strcmp   0x0000000000000000        0xc /Users/edwinfinch/pebble-dev/PebbleSDK-2.8/Pebble/lib/libpebble.a(tmpuEcOBApebble.o)
 .text.strftime
                0x0000000000000000        0xc /Users/edwinfinch/pebble-dev/PebbleSDK-2.8/Pebble/lib/libpebble.a(tmpuEcOBApebble.o)
 .text.strlen   0x0000000000000000        0xc /Users/edwinfinch/pebble-dev/PebbleSDK-2.8/Pebble/lib/libpebble.a(tmpuEcOBApebble.o)
 .text.strncat  0x0000000000000000        0xc /Users/edwinfinch/pebble-dev/PebbleSDK-2.8/Pebble/lib/libpebble.a(tmpuEcOBApebble.o)
 .text.strncmp  0x0000000000000000        0xc /Users/edwinfinch/pebble-dev/PebbleSDK-2.8/Pebble/lib/libpebble.a(tmpuEcOBApebble.o)
 .text.strncpy  0x0000000000000000        0xc /Users/edwinfinch/pebble-dev/PebbleSDK-2.8/Pebble/lib/libpebble.a(tmpuEcOBApebble.o)
 .text.text_layer_get_content_size
                0x0000000000000000        0xc /Users/edwinfinch/pebble-dev/PebbleSDK-2.8/Pebble/lib/libpebble.a(tmpuEcOBApebble.o)
 .text.text_layer_get_text
                0x0000000000000000        0xc /Users/edwinfinch/pebble-dev/PebbleSDK-2.8/Pebble/lib/libpebble.a(tmpuEcOBApebble.o)
 .text.text_layer_set_overflow_mode
                0x0000000000000000        0xc /Users/edwinfinch/pebble-dev/PebbleSDK-2.8/Pebble/lib/libpebble.a(tmpuEcOBApebble.o)
 .text.text_layer_set_size
                0x0000000000000000        0xc /Users/edwinfinch/pebble-dev/PebbleSDK-2.8/Pebble/lib/libpebble.a(tmpuEcOBApebble.o)
 .text.tick_timer_service_subscribe
                0x0000000000000000        0xc /Users/edwinfinch/pebble-dev/PebbleSDK-2.8/Pebble/lib/libpebble.a(tmpuEcOBApebble.o)
 .text.tick_timer_service_unsubscribe
                0x0000000000000000        0xc /Users/edwinfinch/pebble-dev/PebbleSDK-2.8/Pebble/lib/libpebble.a(tmpuEcOBApebble.o)
 .text.time_ms  0x0000000000000000        0xc /Users/edwinfinch/pebble-dev/PebbleSDK-2.8/Pebble/lib/libpebble.a(tmpuEcOBApebble.o)
 .text.vibes_cancel
                0x0000000000000000        0xc /Users/edwinfinch/pebble-dev/PebbleSDK-2.8/Pebble/lib/libpebble.a(tmpuEcOBApebble.o)
 .text.vibes_enqueue_custom_pattern
                0x0000000000000000        0xc /Users/edwinfinch/pebble-dev/PebbleSDK-2.8/Pebble/lib/libpebble.a(tmpuEcOBApebble.o)
 .text.vibes_long_pulse
                0x0000000000000000        0xc /Users/edwinfinch/pebble-dev/PebbleSDK-2.8/Pebble/lib/libpebble.a(tmpuEcOBApebble.o)
 .text.vibes_short_pulse
                0x0000000000000000        0xc /Users/edwinfinch/pebble-dev/PebbleSDK-2.8/Pebble/lib/libpebble.a(tmpuEcOBApebble.o)
 .text.window_destroy
                0x0000000000000000        0xc /Users/edwinfinch/pebble-dev/PebbleSDK-2.8/Pebble/lib/libpebble.a(tmpuEcOBApebble.o)
 .text.window_get_click_config_provider
                0x0000000000000000        0xc /Users/edwinfinch/pebble-dev/PebbleSDK-2.8/Pebble/lib/libpebble.a(tmpuEcOBApebble.o)
 .text.window_get_fullscreen
                0x0000000000000000        0xc /Users/edwinfinch/pebble-dev/PebbleSDK-2.8/Pebble/lib/libpebble.a(tmpuEcOBApebble.o)
 .text.window_is_loaded
                0x0000000000000000        0xc /Users/edwinfinch/pebble-dev/PebbleSDK-2.8/Pebble/lib/libpebble.a(tmpuEcOBApebble.o)
 .text.window_set_click_config_provider
                0x0000000000000000        0xc /Users/edwinfinch/pebble-dev/PebbleSDK-2.8/Pebble/lib/libpebble.a(tmpuEcOBApebble.o)
 .text.window_set_click_config_provider_with_context
                0x0000000000000000        0xc /Users/edwinfinch/pebble-dev/PebbleSDK-2.8/Pebble/lib/libpebble.a(tmpuEcOBApebble.o)
 .text.window_set_fullscreen
                0x0000000000000000        0xc /Users/edwinfinch/pebble-dev/PebbleSDK-2.8/Pebble/lib/libpebble.a(tmpuEcOBApebble.o)
 .text.window_set_status_bar_icon
                0x0000000000000000        0xc /Users/edwinfinch/pebble-dev/PebbleSDK-2.8/Pebble/lib/libpebble.a(tmpuEcOBApebble.o)
 .text.window_stack_contains_window
                0x0000000000000000        0xc /Users/edwinfinch/pebble-dev/PebbleSDK-2.8/Pebble/lib/libpebble.a(tmpuEcOBApebble.o)
 .text.window_stack_get_top_window
                0x0000000000000000        0xc /Users/edwinfinch/pebble-dev/PebbleSDK-2.8/Pebble/lib/libpebble.a(tmpuEcOBApebble.o)
 .text.window_stack_pop
                0x0000000000000000        0xc /Users/edwinfinch/pebble-dev/PebbleSDK-2.8/Pebble/lib/libpebble.a(tmpuEcOBApebble.o)
 .text.window_stack_pop_all
                0x0000000000000000        0xc /Users/edwinfinch/pebble-dev/PebbleSDK-2.8/Pebble/lib/libpebble.a(tmpuEcOBApebble.o)
 .text.window_stack_remove
                0x0000000000000000        0xc /Users/edwinfinch/pebble-dev/PebbleSDK-2.8/Pebble/lib/libpebble.a(tmpuEcOBApebble.o)
 .text.app_focus_service_subscribe
                0x0000000000000000        0xc /Users/edwinfinch/pebble-dev/PebbleSDK-2.8/Pebble/lib/libpebble.a(tmpuEcOBApebble.o)
 .text.app_focus_service_unsubscribe
                0x0000000000000000        0xc /Users/edwinfinch/pebble-dev/PebbleSDK-2.8/Pebble/lib/libpebble.a(tmpuEcOBApebble.o)
 .text.window_get_user_data
                0x0000000000000000        0xc /Users/edwinfinch/pebble-dev/PebbleSDK-2.8/Pebble/lib/libpebble.a(tmpuEcOBApebble.o)
 .text.window_set_user_data
                0x0000000000000000        0xc /Users/edwinfinch/pebble-dev/PebbleSDK-2.8/Pebble/lib/libpebble.a(tmpuEcOBApebble.o)
 .text.app_message_get_context
                0x0000000000000000        0xc /Users/edwinfinch/pebble-dev/PebbleSDK-2.8/Pebble/lib/libpebble.a(tmpuEcOBApebble.o)
 .text.app_message_inbox_size_maximum
                0x0000000000000000        0xc /Users/edwinfinch/pebble-dev/PebbleSDK-2.8/Pebble/lib/libpebble.a(tmpuEcOBApebble.o)
 .text.app_message_outbox_size_maximum
                0x0000000000000000        0xc /Users/edwinfinch/pebble-dev/PebbleSDK-2.8/Pebble/lib/libpebble.a(tmpuEcOBApebble.o)
 .text.app_message_register_inbox_dropped
                0x0000000000000000        0xc /Users/edwinfinch/pebble-dev/PebbleSDK-2.8/Pebble/lib/libpebble.a(tmpuEcOBApebble.o)
 .text.app_message_register_outbox_failed
                0x0000000000000000        0xc /Users/edwinfinch/pebble-dev/PebbleSDK-2.8/Pebble/lib/libpebble.a(tmpuEcOBApebble.o)
 .text.app_message_register_outbox_sent
                0x0000000000000000        0xc /Users/edwinfinch/pebble-dev/PebbleSDK-2.8/Pebble/lib/libpebble.a(tmpuEcOBApebble.o)
 .text.app_message_set_context
                0x0000000000000000        0xc /Users/edwinfinch/pebble-dev/PebbleSDK-2.8/Pebble/lib/libpebble.a(tmpuEcOBApebble.o)
 .text.window_long_click_subscribe
                0x0000000000000000        0xc /Users/edwinfinch/pebble-dev/PebbleSDK-2.8/Pebble/lib/libpebble.a(tmpuEcOBApebble.o)
 .text.window_multi_click_subscribe
                0x0000000000000000        0xc /Users/edwinfinch/pebble-dev/PebbleSDK-2.8/Pebble/lib/libpebble.a(tmpuEcOBApebble.o)
 .text.window_raw_click_subscribe
                0x0000000000000000        0xc /Users/edwinfinch/pebble-dev/PebbleSDK-2.8/Pebble/lib/libpebble.a(tmpuEcOBApebble.o)
 .text.window_set_click_context
                0x0000000000000000        0xc /Users/edwinfinch/pebble-dev/PebbleSDK-2.8/Pebble/lib/libpebble.a(tmpuEcOBApebble.o)
 .text.window_single_repeating_click_subscribe
                0x0000000000000000        0xc /Users/edwinfinch/pebble-dev/PebbleSDK-2.8/Pebble/lib/libpebble.a(tmpuEcOBApebble.o)
 .text.graphics_draw_text
                0x0000000000000000        0xc /Users/edwinfinch/pebble-dev/PebbleSDK-2.8/Pebble/lib/libpebble.a(tmpuEcOBApebble.o)
 .text.dict_serialize_tuplets_to_buffer
                0x0000000000000000        0xc /Users/edwinfinch/pebble-dev/PebbleSDK-2.8/Pebble/lib/libpebble.a(tmpuEcOBApebble.o)
 .text.persist_read_string
                0x0000000000000000        0xc /Users/edwinfinch/pebble-dev/PebbleSDK-2.8/Pebble/lib/libpebble.a(tmpuEcOBApebble.o)
 .text.dict_size
                0x0000000000000000        0xc /Users/edwinfinch/pebble-dev/PebbleSDK-2.8/Pebble/lib/libpebble.a(tmpuEcOBApebble.o)
 .text.graphics_text_layout_get_content_size
                0x0000000000000000        0xc /Users/edwinfinch/pebble-dev/PebbleSDK-2.8/Pebble/lib/libpebble.a(tmpuEcOBApebble.o)
 .text.simple_menu_layer_get_menu_layer
                0x0000000000000000        0xc /Users/edwinfinch/pebble-dev/PebbleSDK-2.8/Pebble/lib/libpebble.a(tmpuEcOBApebble.o)
 .text.accel_data_service_subscribe
                0x0000000000000000        0xc /Users/edwinfinch/pebble-dev/PebbleSDK-2.8/Pebble/lib/libpebble.a(tmpuEcOBApebble.o)
 .text.calloc   0x0000000000000000        0xc /Users/edwinfinch/pebble-dev/PebbleSDK-2.8/Pebble/lib/libpebble.a(tmpuEcOBApebble.o)
 .text.bitmap_layer_get_bitmap
                0x0000000000000000        0xc /Users/edwinfinch/pebble-dev/PebbleSDK-2.8/Pebble/lib/libpebble.a(tmpuEcOBApebble.o)
 .text.menu_layer_set_callbacks
                0x0000000000000000        0xc /Users/edwinfinch/pebble-dev/PebbleSDK-2.8/Pebble/lib/libpebble.a(tmpuEcOBApebble.o)
 .text.window_get_click_config_context
                0x0000000000000000        0xc /Users/edwinfinch/pebble-dev/PebbleSDK-2.8/Pebble/lib/libpebble.a(tmpuEcOBApebble.o)
 .text.number_window_get_window
                0x0000000000000000        0xc /Users/edwinfinch/pebble-dev/PebbleSDK-2.8/Pebble/lib/libpebble.a(tmpuEcOBApebble.o)
 .text.realloc  0x0000000000000000        0xc /Users/edwinfinch/pebble-dev/PebbleSDK-2.8/Pebble/lib/libpebble.a(tmpuEcOBApebble.o)
 .text.gbitmap_create_blank
                0x0000000000000000        0xc /Users/edwinfinch/pebble-dev/PebbleSDK-2.8/Pebble/lib/libpebble.a(tmpuEcOBApebble.o)
 .text.click_recognizer_is_repeating
                0x0000000000000000        0xc /Users/edwinfinch/pebble-dev/PebbleSDK-2.8/Pebble/lib/libpebble.a(tmpuEcOBApebble.o)
 .text.accel_raw_data_service_subscribe
                0x0000000000000000        0xc /Users/edwinfinch/pebble-dev/PebbleSDK-2.8/Pebble/lib/libpebble.a(tmpuEcOBApebble.o)
 .text.app_worker_is_running
                0x0000000000000000        0xc /Users/edwinfinch/pebble-dev/PebbleSDK-2.8/Pebble/lib/libpebble.a(tmpuEcOBApebble.o)
 .text.app_worker_kill
                0x0000000000000000        0xc /Users/edwinfinch/pebble-dev/PebbleSDK-2.8/Pebble/lib/libpebble.a(tmpuEcOBApebble.o)
 .text.app_worker_launch
                0x0000000000000000        0xc /Users/edwinfinch/pebble-dev/PebbleSDK-2.8/Pebble/lib/libpebble.a(tmpuEcOBApebble.o)
 .text.app_worker_message_subscribe
                0x0000000000000000        0xc /Users/edwinfinch/pebble-dev/PebbleSDK-2.8/Pebble/lib/libpebble.a(tmpuEcOBApebble.o)
 .text.app_worker_message_unsubscribe
                0x0000000000000000        0xc /Users/edwinfinch/pebble-dev/PebbleSDK-2.8/Pebble/lib/libpebble.a(tmpuEcOBApebble.o)
 .text.app_worker_send_message
                0x0000000000000000        0xc /Users/edwinfinch/pebble-dev/PebbleSDK-2.8/Pebble/lib/libpebble.a(tmpuEcOBApebble.o)
 .text.worker_event_loop
                0x0000000000000000        0xc /Users/edwinfinch/pebble-dev/PebbleSDK-2.8/Pebble/lib/libpebble.a(tmpuEcOBApebble.o)
 .text.worker_launch_app
                0x0000000000000000        0xc /Users/edwinfinch/pebble-dev/PebbleSDK-2.8/Pebble/lib/libpebble.a(tmpuEcOBApebble.o)
 .text.heap_bytes_free
                0x0000000000000000        0xc /Users/edwinfinch/pebble-dev/PebbleSDK-2.8/Pebble/lib/libpebble.a(tmpuEcOBApebble.o)
 .text.heap_bytes_used
                0x0000000000000000        0xc /Users/edwinfinch/pebble-dev/PebbleSDK-2.8/Pebble/lib/libpebble.a(tmpuEcOBApebble.o)
 .text.compass_service_peek
                0x0000000000000000        0xc /Users/edwinfinch/pebble-dev/PebbleSDK-2.8/Pebble/lib/libpebble.a(tmpuEcOBApebble.o)
 .text.compass_service_set_heading_filter
                0x0000000000000000        0xc /Users/edwinfinch/pebble-dev/PebbleSDK-2.8/Pebble/lib/libpebble.a(tmpuEcOBApebble.o)
 .text.compass_service_subscribe
                0x0000000000000000        0xc /Users/edwinfinch/pebble-dev/PebbleSDK-2.8/Pebble/lib/libpebble.a(tmpuEcOBApebble.o)
 .text.compass_service_unsubscribe
                0x0000000000000000        0xc /Users/edwinfinch/pebble-dev/PebbleSDK-2.8/Pebble/lib/libpebble.a(tmpuEcOBApebble.o)
 .text.uuid_equal
                0x0000000000000000        0xc /Users/edwinfinch/pebble-dev/PebbleSDK-2.8/Pebble/lib/libpebble.a(tmpuEcOBApebble.o)
 .text.uuid_to_string
                0x0000000000000000        0xc /Users/edwinfinch/pebble-dev/PebbleSDK-2.8/Pebble/lib/libpebble.a(tmpuEcOBApebble.o)
 .text.gpath_draw_filled
                0x0000000000000000        0xc /Users/edwinfinch/pebble-dev/PebbleSDK-2.8/Pebble/lib/libpebble.a(tmpuEcOBApebble.o)
 .text.animation_set_custom_curve
                0x0000000000000000        0xc /Users/edwinfinch/pebble-dev/PebbleSDK-2.8/Pebble/lib/libpebble.a(tmpuEcOBApebble.o)
 .text.watch_info_get_color
                0x0000000000000000        0xc /Users/edwinfinch/pebble-dev/PebbleSDK-2.8/Pebble/lib/libpebble.a(tmpuEcOBApebble.o)
 .text.watch_info_get_firmware_version
                0x0000000000000000        0xc /Users/edwinfinch/pebble-dev/PebbleSDK-2.8/Pebble/lib/libpebble.a(tmpuEcOBApebble.o)
 .text.watch_info_get_model
                0x0000000000000000        0xc /Users/edwinfinch/pebble-dev/PebbleSDK-2.8/Pebble/lib/libpebble.a(tmpuEcOBApebble.o)
 .text.graphics_capture_frame_buffer
                0x0000000000000000        0xc /Users/edwinfinch/pebble-dev/PebbleSDK-2.8/Pebble/lib/libpebble.a(tmpuEcOBApebble.o)
 .text.graphics_frame_buffer_is_captured
                0x0000000000000000        0xc /Users/edwinfinch/pebble-dev/PebbleSDK-2.8/Pebble/lib/libpebble.a(tmpuEcOBApebble.o)
 .text.graphics_release_frame_buffer
                0x0000000000000000        0xc /Users/edwinfinch/pebble-dev/PebbleSDK-2.8/Pebble/lib/libpebble.a(tmpuEcOBApebble.o)
 .text.clock_to_timestamp
                0x0000000000000000        0xc /Users/edwinfinch/pebble-dev/PebbleSDK-2.8/Pebble/lib/libpebble.a(tmpuEcOBApebble.o)
 .text.launch_reason
                0x0000000000000000        0xc /Users/edwinfinch/pebble-dev/PebbleSDK-2.8/Pebble/lib/libpebble.a(tmpuEcOBApebble.o)
 .text.wakeup_cancel
                0x0000000000000000        0xc /Users/edwinfinch/pebble-dev/PebbleSDK-2.8/Pebble/lib/libpebble.a(tmpuEcOBApebble.o)
 .text.wakeup_cancel_all
                0x0000000000000000        0xc /Users/edwinfinch/pebble-dev/PebbleSDK-2.8/Pebble/lib/libpebble.a(tmpuEcOBApebble.o)
 .text.wakeup_get_launch_event
                0x0000000000000000        0xc /Users/edwinfinch/pebble-dev/PebbleSDK-2.8/Pebble/lib/libpebble.a(tmpuEcOBApebble.o)
 .text.wakeup_query
                0x0000000000000000        0xc /Users/edwinfinch/pebble-dev/PebbleSDK-2.8/Pebble/lib/libpebble.a(tmpuEcOBApebble.o)
 .text.wakeup_schedule
                0x0000000000000000        0xc /Users/edwinfinch/pebble-dev/PebbleSDK-2.8/Pebble/lib/libpebble.a(tmpuEcOBApebble.o)
 .text.wakeup_service_subscribe
                0x0000000000000000        0xc /Users/edwinfinch/pebble-dev/PebbleSDK-2.8/Pebble/lib/libpebble.a(tmpuEcOBApebble.o)
 .text.clock_is_timezone_set
                0x0000000000000000        0xc /Users/edwinfinch/pebble-dev/PebbleSDK-2.8/Pebble/lib/libpebble.a(tmpuEcOBApebble.o)
 .text.i18n_get_system_locale
                0x0000000000000000        0xc /Users/edwinfinch/pebble-dev/PebbleSDK-2.8/Pebble/lib/libpebble.a(tmpuEcOBApebble.o)
 .text._localeconv_r
                0x0000000000000000        0xc /Users/edwinfinch/pebble-dev/PebbleSDK-2.8/Pebble/lib/libpebble.a(tmpuEcOBApebble.o)
 .text.setlocale
                0x0000000000000000        0xc /Users/edwinfinch/pebble-dev/PebbleSDK-2.8/Pebble/lib/libpebble.a(tmpuEcOBApebble.o)
 .text          0x0000000000000000        0x0 /Users/edwinfinch/pebble-dev/PebbleSDK-2.8/arm-cs-tools/bin/../lib/gcc/arm-none-eabi/4.7.2/thumb2/crtend.o
 .bss           0x0000000000000000        0x0 /Users/edwinfinch/pebble-dev/PebbleSDK-2.8/arm-cs-tools/bin/../lib/gcc/arm-none-eabi/4.7.2/thumb2/crtend.o
 .eh_frame      0x0000000000000000        0x4 /Users/edwinfinch/pebble-dev/PebbleSDK-2.8/arm-cs-tools/bin/../lib/gcc/arm-none-eabi/4.7.2/thumb2/crtend.o
 .jcr           0x0000000000000000        0x4 /Users/edwinfinch/pebble-dev/PebbleSDK-2.8/arm-cs-tools/bin/../lib/gcc/arm-none-eabi/4.7.2/thumb2/crtend.o
 .tm_clone_table
                0x0000000000000000        0x0 /Users/edwinfinch/pebble-dev/PebbleSDK-2.8/arm-cs-tools/bin/../lib/gcc/arm-none-eabi/4.7.2/thumb2/crtend.o
 .text          0x0000000000000000        0x0 /Users/edwinfinch/pebble-dev/PebbleSDK-2.8/arm-cs-tools/bin/../lib/gcc/arm-none-eabi/4.7.2/thumb2/crtn.o
 .bss           0x0000000000000000        0x0 /Users/edwinfinch/pebble-dev/PebbleSDK-2.8/arm-cs-tools/bin/../lib/gcc/arm-none-eabi/4.7.2/thumb2/crtn.o
 .init          0x0000000000000000        0x8 /Users/edwinfinch/pebble-dev/PebbleSDK-2.8/arm-cs-tools/bin/../lib/gcc/arm-none-eabi/4.7.2/thumb2/crtn.o
 .fini          0x0000000000000000        0x8 /Users/edwinfinch/pebble-dev/PebbleSDK-2.8/arm-cs-tools/bin/../lib/gcc/arm-none-eabi/4.7.2/thumb2/crtn.o

Memory Configuration

Name             Origin             Length             Attributes
APP              0x0000000000000000 0x0000000000006000 xrw
*default*        0x0000000000000000 0xffffffffffffffff

Linker script and memory map

LOAD /Users/edwinfinch/pebble-dev/PebbleSDK-2.8/arm-cs-tools/bin/../lib/gcc/arm-none-eabi/4.7.2/thumb2/crti.o
LOAD /Users/edwinfinch/pebble-dev/PebbleSDK-2.8/arm-cs-tools/bin/../lib/gcc/arm-none-eabi/4.7.2/thumb2/crtbegin.o
LOAD src/animated_ab.c.10.o
LOAD src/data_framework.c.10.o
LOAD src/extras.c.10.o
LOAD src/main.c.10.o
LOAD src/question_window.c.10.o
LOAD appinfo.auto.c.10.o
LOAD /Users/edwinfinch/pebble-dev/PebbleSDK-2.8/Pebble/lib/libpebble.a
START GROUP
LOAD /Users/edwinfinch/pebble-dev/PebbleSDK-2.8/arm-cs-tools/bin/../lib/gcc/arm-none-eabi/4.7.2/thumb2/libgcc.a
LOAD /Users/edwinfinch/pebble-dev/PebbleSDK-2.8/arm-cs-tools/bin/../lib/gcc/arm-none-eabi/4.7.2/../../../../arm-none-eabi/lib/thumb2/libc.a
END GROUP
LOAD /Users/edwinfinch/pebble-dev/PebbleSDK-2.8/arm-cs-tools/bin/../lib/gcc/arm-none-eabi/4.7.2/thumb2/crtend.o
LOAD /Users/edwinfinch/pebble-dev/PebbleSDK-2.8/arm-cs-tools/bin/../lib/gcc/arm-none-eabi/4.7.2/thumb2/crtn.o

.header         0x0000000000000000       0x82
 *(.pbl_header)
 .pbl_header    0x0000000000000000       0x82 appinfo.auto.c.10.o
                0x0000000000000000                __pbl_app_info

.text           0x0000000000000084      0xaab
 *(.text)
 .text          0x0000000000000084       0x14 /Users/edwinfinch/pebble-dev/PebbleSDK-2.8/Pebble/lib/libpebble.a(tmpuEcOBApebble.o)
 *(.text.*)
 .text.destroy_property_animation.constprop.0
                0x0000000000000098       0x30 src/animated_ab.c.10.o
 .text.animation_stopped
                0x00000000000000c8        0x4 src/animated_ab.c.10.o
 .text.move_actionbar
                0x00000000000000cc       0x80 src/animated_ab.c.10.o
 .text.hide_actionbar
                0x000000000000014c        0x6 src/animated_ab.c.10.o
                0x000000000000014c                hide_actionbar
 *fill*         0x0000000000000152        0x2 
 .text.process_tuple
                0x0000000000000154       0x30 src/data_framework.c.10.o
                0x0000000000000154                process_tuple
 .text.df_inbox
                0x0000000000000184       0x1e src/data_framework.c.10.o
                0x0000000000000184                df_inbox
 .text.send_answer
                0x00000000000001a2       0x4a src/data_framework.c.10.o
                0x00000000000001a2                send_answer
 .text.set_amount_of_questions
                0x00000000000001ec       0x44 src/data_framework.c.10.o
                0x00000000000001ec                set_amount_of_questions
 .text.handle_answer
                0x0000000000000230       0x68 src/data_framework.c.10.o
                0x0000000000000230                handle_answer
 .text.get_random_question
                0x0000000000000298       0x78 src/data_framework.c.10.o
                0x0000000000000298                get_random_question
 .text.on_animation_stopped
                0x0000000000000310        0x4 src/extras.c.10.o
                0x0000000000000310                on_animation_stopped
 .text.text_layer_init
                0x0000000000000314       0x64 src/extras.c.10.o
                0x0000000000000314                text_layer_init
 .text.animate_layer
                0x0000000000000378       0x40 src/extras.c.10.o
                0x0000000000000378                animate_layer
 .text.init     0x00000000000003b8       0x34 src/main.c.10.o
                0x00000000000003b8                init
 .text.startup.main
                0x00000000000003ec       0x10 src/main.c.10.o
                0x00000000000003ec                main
 .text.q_window_unload
                0x00000000000003fc       0x48 src/question_window.c.10.o
                0x00000000000003fc                q_window_unload
 .text.q_window_load
                0x0000000000000444      0x100 src/question_window.c.10.o
                0x0000000000000444                q_window_load
 .text.q_window_click_config
                0x0000000000000544       0x24 src/question_window.c.10.o
                0x0000000000000544                q_window_click_config
 .text.q_window_get_window
                0x0000000000000568       0x14 src/question_window.c.10.o
                0x0000000000000568                q_window_get_window
 .text.answer   0x000000000000057c       0xb8 src/question_window.c.10.o
                0x000000000000057c                answer
 .text.no_button_press
                0x0000000000000634        0x6 src/question_window.c.10.o
                0x0000000000000634                no_button_press
 .text.yes_button_press
                0x000000000000063a        0x6 src/question_window.c.10.o
                0x000000000000063a                yes_button_press
 .text.q_window_init
                0x0000000000000640       0x54 src/question_window.c.10.o
                0x0000000000000640                q_window_init
 .text.action_bar_layer_add_to_window
                0x0000000000000694        0xc /Users/edwinfinch/pebble-dev/PebbleSDK-2.8/Pebble/lib/libpebble.a(tmpuEcOBApebble.o)
                0x0000000000000694                action_bar_layer_add_to_window
 .text.action_bar_layer_create
                0x00000000000006a0        0xc /Users/edwinfinch/pebble-dev/PebbleSDK-2.8/Pebble/lib/libpebble.a(tmpuEcOBApebble.o)
                0x00000000000006a0                action_bar_layer_create
 .text.action_bar_layer_destroy
                0x00000000000006ac        0xc /Users/edwinfinch/pebble-dev/PebbleSDK-2.8/Pebble/lib/libpebble.a(tmpuEcOBApebble.o)
                0x00000000000006ac                action_bar_layer_destroy
 .text.action_bar_layer_get_layer
                0x00000000000006b8        0xc /Users/edwinfinch/pebble-dev/PebbleSDK-2.8/Pebble/lib/libpebble.a(tmpuEcOBApebble.o)
                0x00000000000006b8                action_bar_layer_get_layer
 .text.action_bar_layer_set_background_color
                0x00000000000006c4        0xc /Users/edwinfinch/pebble-dev/PebbleSDK-2.8/Pebble/lib/libpebble.a(tmpuEcOBApebble.o)
                0x00000000000006c4                action_bar_layer_set_background_color
 .text.action_bar_layer_set_click_config_provider
                0x00000000000006d0        0xc /Users/edwinfinch/pebble-dev/PebbleSDK-2.8/Pebble/lib/libpebble.a(tmpuEcOBApebble.o)
                0x00000000000006d0                action_bar_layer_set_click_config_provider
 .text.action_bar_layer_set_icon
                0x00000000000006dc        0xc /Users/edwinfinch/pebble-dev/PebbleSDK-2.8/Pebble/lib/libpebble.a(tmpuEcOBApebble.o)
                0x00000000000006dc                action_bar_layer_set_icon
 .text.animation_is_scheduled
                0x00000000000006e8        0xc /Users/edwinfinch/pebble-dev/PebbleSDK-2.8/Pebble/lib/libpebble.a(tmpuEcOBApebble.o)
                0x00000000000006e8                animation_is_scheduled
 .text.animation_schedule
                0x00000000000006f4        0xc /Users/edwinfinch/pebble-dev/PebbleSDK-2.8/Pebble/lib/libpebble.a(tmpuEcOBApebble.o)
                0x00000000000006f4                animation_schedule
 .text.animation_set_curve
                0x0000000000000700        0xc /Users/edwinfinch/pebble-dev/PebbleSDK-2.8/Pebble/lib/libpebble.a(tmpuEcOBApebble.o)
                0x0000000000000700                animation_set_curve
 .text.animation_set_delay
                0x000000000000070c        0xc /Users/edwinfinch/pebble-dev/PebbleSDK-2.8/Pebble/lib/libpebble.a(tmpuEcOBApebble.o)
                0x000000000000070c                animation_set_delay
 .text.animation_set_duration
                0x0000000000000718        0xc /Users/edwinfinch/pebble-dev/PebbleSDK-2.8/Pebble/lib/libpebble.a(tmpuEcOBApebble.o)
                0x0000000000000718                animation_set_duration
 .text.animation_set_handlers
                0x0000000000000724        0xc /Users/edwinfinch/pebble-dev/PebbleSDK-2.8/Pebble/lib/libpebble.a(tmpuEcOBApebble.o)
                0x0000000000000724                animation_set_handlers
 .text.animation_unschedule
                0x0000000000000730        0xc /Users/edwinfinch/pebble-dev/PebbleSDK-2.8/Pebble/lib/libpebble.a(tmpuEcOBApebble.o)
                0x0000000000000730                animation_unschedule
 .text.app_event_loop
                0x000000000000073c        0xc /Users/edwinfinch/pebble-dev/PebbleSDK-2.8/Pebble/lib/libpebble.a(tmpuEcOBApebble.o)
                0x000000000000073c                app_event_loop
 .text.app_log  0x0000000000000748        0xc /Users/edwinfinch/pebble-dev/PebbleSDK-2.8/Pebble/lib/libpebble.a(tmpuEcOBApebble.o)
                0x0000000000000748                app_log
 .text.app_message_open
                0x0000000000000754        0xc /Users/edwinfinch/pebble-dev/PebbleSDK-2.8/Pebble/lib/libpebble.a(tmpuEcOBApebble.o)
                0x0000000000000754                app_message_open
 .text.dict_read_first
                0x0000000000000760        0xc /Users/edwinfinch/pebble-dev/PebbleSDK-2.8/Pebble/lib/libpebble.a(tmpuEcOBApebble.o)
                0x0000000000000760                dict_read_first
 .text.dict_read_next
                0x000000000000076c        0xc /Users/edwinfinch/pebble-dev/PebbleSDK-2.8/Pebble/lib/libpebble.a(tmpuEcOBApebble.o)
                0x000000000000076c                dict_read_next
 .text.dict_write_cstring
                0x0000000000000778        0xc /Users/edwinfinch/pebble-dev/PebbleSDK-2.8/Pebble/lib/libpebble.a(tmpuEcOBApebble.o)
                0x0000000000000778                dict_write_cstring
 .text.dict_write_end
                0x0000000000000784        0xc /Users/edwinfinch/pebble-dev/PebbleSDK-2.8/Pebble/lib/libpebble.a(tmpuEcOBApebble.o)
                0x0000000000000784                dict_write_end
 .text.dict_write_uint32
                0x0000000000000790        0xc /Users/edwinfinch/pebble-dev/PebbleSDK-2.8/Pebble/lib/libpebble.a(tmpuEcOBApebble.o)
                0x0000000000000790                dict_write_uint32
 .text.dict_write_uint8
                0x000000000000079c        0xc /Users/edwinfinch/pebble-dev/PebbleSDK-2.8/Pebble/lib/libpebble.a(tmpuEcOBApebble.o)
                0x000000000000079c                dict_write_uint8
 .text.fonts_get_system_font
                0x00000000000007a8        0xc /Users/edwinfinch/pebble-dev/PebbleSDK-2.8/Pebble/lib/libpebble.a(tmpuEcOBApebble.o)
                0x00000000000007a8                fonts_get_system_font
 .text.gbitmap_create_with_resource
                0x00000000000007b4        0xc /Users/edwinfinch/pebble-dev/PebbleSDK-2.8/Pebble/lib/libpebble.a(tmpuEcOBApebble.o)
                0x00000000000007b4                gbitmap_create_with_resource
 .text.gbitmap_destroy
                0x00000000000007c0        0xc /Users/edwinfinch/pebble-dev/PebbleSDK-2.8/Pebble/lib/libpebble.a(tmpuEcOBApebble.o)
                0x00000000000007c0                gbitmap_destroy
 .text.layer_add_child
                0x00000000000007cc        0xc /Users/edwinfinch/pebble-dev/PebbleSDK-2.8/Pebble/lib/libpebble.a(tmpuEcOBApebble.o)
                0x00000000000007cc                layer_add_child
 .text.layer_get_bounds
                0x00000000000007d8        0xc /Users/edwinfinch/pebble-dev/PebbleSDK-2.8/Pebble/lib/libpebble.a(tmpuEcOBApebble.o)
                0x00000000000007d8                layer_get_bounds
 .text.malloc   0x00000000000007e4        0xc /Users/edwinfinch/pebble-dev/PebbleSDK-2.8/Pebble/lib/libpebble.a(tmpuEcOBApebble.o)
                0x00000000000007e4                malloc
 .text.memset   0x00000000000007f0        0xc /Users/edwinfinch/pebble-dev/PebbleSDK-2.8/Pebble/lib/libpebble.a(tmpuEcOBApebble.o)
                0x00000000000007f0                memset
 .text.persist_exists
                0x00000000000007fc        0xc /Users/edwinfinch/pebble-dev/PebbleSDK-2.8/Pebble/lib/libpebble.a(tmpuEcOBApebble.o)
                0x00000000000007fc                persist_exists
 .text.persist_read_int
                0x0000000000000808        0xc /Users/edwinfinch/pebble-dev/PebbleSDK-2.8/Pebble/lib/libpebble.a(tmpuEcOBApebble.o)
                0x0000000000000808                persist_read_int
 .text.persist_write_int
                0x0000000000000814        0xc /Users/edwinfinch/pebble-dev/PebbleSDK-2.8/Pebble/lib/libpebble.a(tmpuEcOBApebble.o)
                0x0000000000000814                persist_write_int
 .text.property_animation_create_layer_frame
                0x0000000000000820        0xc /Users/edwinfinch/pebble-dev/PebbleSDK-2.8/Pebble/lib/libpebble.a(tmpuEcOBApebble.o)
                0x0000000000000820                property_animation_create_layer_frame
 .text.property_animation_destroy
                0x000000000000082c        0xc /Users/edwinfinch/pebble-dev/PebbleSDK-2.8/Pebble/lib/libpebble.a(tmpuEcOBApebble.o)
                0x000000000000082c                property_animation_destroy
 .text.rand     0x0000000000000838        0xc /Users/edwinfinch/pebble-dev/PebbleSDK-2.8/Pebble/lib/libpebble.a(tmpuEcOBApebble.o)
                0x0000000000000838                rand
 .text.srand    0x0000000000000844        0xc /Users/edwinfinch/pebble-dev/PebbleSDK-2.8/Pebble/lib/libpebble.a(tmpuEcOBApebble.o)
                0x0000000000000844                srand
 .text.strcpy   0x0000000000000850        0xc /Users/edwinfinch/pebble-dev/PebbleSDK-2.8/Pebble/lib/libpebble.a(tmpuEcOBApebble.o)
                0x0000000000000850                strcpy
 .text.text_layer_create
                0x000000000000085c        0xc /Users/edwinfinch/pebble-dev/PebbleSDK-2.8/Pebble/lib/libpebble.a(tmpuEcOBApebble.o)
                0x000000000000085c                text_layer_create
 .text.text_layer_destroy
                0x0000000000000868        0xc /Users/edwinfinch/pebble-dev/PebbleSDK-2.8/Pebble/lib/libpebble.a(tmpuEcOBApebble.o)
                0x0000000000000868                text_layer_destroy
 .text.text_layer_get_layer
                0x0000000000000874        0xc /Users/edwinfinch/pebble-dev/PebbleSDK-2.8/Pebble/lib/libpebble.a(tmpuEcOBApebble.o)
                0x0000000000000874                text_layer_get_layer
 .text.text_layer_set_background_color
                0x0000000000000880        0xc /Users/edwinfinch/pebble-dev/PebbleSDK-2.8/Pebble/lib/libpebble.a(tmpuEcOBApebble.o)
                0x0000000000000880                text_layer_set_background_color
 .text.text_layer_set_font
                0x000000000000088c        0xc /Users/edwinfinch/pebble-dev/PebbleSDK-2.8/Pebble/lib/libpebble.a(tmpuEcOBApebble.o)
                0x000000000000088c                text_layer_set_font
 .text.text_layer_set_text
                0x0000000000000898        0xc /Users/edwinfinch/pebble-dev/PebbleSDK-2.8/Pebble/lib/libpebble.a(tmpuEcOBApebble.o)
                0x0000000000000898                text_layer_set_text
 .text.text_layer_set_text_alignment
                0x00000000000008a4        0xc /Users/edwinfinch/pebble-dev/PebbleSDK-2.8/Pebble/lib/libpebble.a(tmpuEcOBApebble.o)
                0x00000000000008a4                text_layer_set_text_alignment
 .text.text_layer_set_text_color
                0x00000000000008b0        0xc /Users/edwinfinch/pebble-dev/PebbleSDK-2.8/Pebble/lib/libpebble.a(tmpuEcOBApebble.o)
                0x00000000000008b0                text_layer_set_text_color
 .text.time     0x00000000000008bc        0xc /Users/edwinfinch/pebble-dev/PebbleSDK-2.8/Pebble/lib/libpebble.a(tmpuEcOBApebble.o)
                0x00000000000008bc                time
 .text.vibes_double_pulse
                0x00000000000008c8        0xc /Users/edwinfinch/pebble-dev/PebbleSDK-2.8/Pebble/lib/libpebble.a(tmpuEcOBApebble.o)
                0x00000000000008c8                vibes_double_pulse
 .text.window_create
                0x00000000000008d4        0xc /Users/edwinfinch/pebble-dev/PebbleSDK-2.8/Pebble/lib/libpebble.a(tmpuEcOBApebble.o)
                0x00000000000008d4                window_create
 .text.window_get_root_layer
                0x00000000000008e0        0xc /Users/edwinfinch/pebble-dev/PebbleSDK-2.8/Pebble/lib/libpebble.a(tmpuEcOBApebble.o)
                0x00000000000008e0                window_get_root_layer
 .text.window_set_background_color
                0x00000000000008ec        0xc /Users/edwinfinch/pebble-dev/PebbleSDK-2.8/Pebble/lib/libpebble.a(tmpuEcOBApebble.o)
                0x00000000000008ec                window_set_background_color
 .text.window_set_window_handlers
                0x00000000000008f8        0xc /Users/edwinfinch/pebble-dev/PebbleSDK-2.8/Pebble/lib/libpebble.a(tmpuEcOBApebble.o)
                0x00000000000008f8                window_set_window_handlers
 .text.window_stack_push
                0x0000000000000904        0xc /Users/edwinfinch/pebble-dev/PebbleSDK-2.8/Pebble/lib/libpebble.a(tmpuEcOBApebble.o)
                0x0000000000000904                window_stack_push
 .text.app_message_outbox_begin
                0x0000000000000910        0xc /Users/edwinfinch/pebble-dev/PebbleSDK-2.8/Pebble/lib/libpebble.a(tmpuEcOBApebble.o)
                0x0000000000000910                app_message_outbox_begin
 .text.app_message_outbox_send
                0x000000000000091c        0xc /Users/edwinfinch/pebble-dev/PebbleSDK-2.8/Pebble/lib/libpebble.a(tmpuEcOBApebble.o)
                0x000000000000091c                app_message_outbox_send
 .text.app_message_register_inbox_received
                0x0000000000000928        0xc /Users/edwinfinch/pebble-dev/PebbleSDK-2.8/Pebble/lib/libpebble.a(tmpuEcOBApebble.o)
                0x0000000000000928                app_message_register_inbox_received
 .text.window_single_click_subscribe
                0x0000000000000934        0xc /Users/edwinfinch/pebble-dev/PebbleSDK-2.8/Pebble/lib/libpebble.a(tmpuEcOBApebble.o)
                0x0000000000000934                window_single_click_subscribe
 .text.persist_read_data
                0x0000000000000940        0xc /Users/edwinfinch/pebble-dev/PebbleSDK-2.8/Pebble/lib/libpebble.a(tmpuEcOBApebble.o)
                0x0000000000000940                persist_read_data
 .text.persist_write_data
                0x000000000000094c        0xc /Users/edwinfinch/pebble-dev/PebbleSDK-2.8/Pebble/lib/libpebble.a(tmpuEcOBApebble.o)
                0x000000000000094c                persist_write_data
 *(.rodata)
 .rodata        0x0000000000000958       0x10 src/question_window.c.10.o
 *(.rodata*)
 .rodata.str1.1
                0x0000000000000968      0x13d src/data_framework.c.10.o
 .rodata.str1.1
                0x0000000000000aa5       0x4c src/extras.c.10.o
 .rodata.str1.1
                0x0000000000000af1       0x3e src/question_window.c.10.o

.glue_7         0x0000000000000b30        0x0
 .glue_7        0x0000000000000000        0x0 linker stubs

.glue_7t        0x0000000000000b30        0x0
 .glue_7t       0x0000000000000000        0x0 linker stubs

.vfp11_veneer   0x0000000000000b30        0x0
 .vfp11_veneer  0x0000000000000000        0x0 linker stubs

.v4_bx          0x0000000000000b30        0x0
 .v4_bx         0x0000000000000000        0x0 linker stubs

.iplt           0x0000000000000b30        0x0
 .iplt          0x0000000000000000        0x0 /Users/edwinfinch/pebble-dev/PebbleSDK-2.8/arm-cs-tools/bin/../lib/gcc/arm-none-eabi/4.7.2/thumb2/crtbegin.o

.rel.dyn        0x0000000000000b30        0x0
 .rel.iplt      0x0000000000000000        0x0 /Users/edwinfinch/pebble-dev/PebbleSDK-2.8/arm-cs-tools/bin/../lib/gcc/arm-none-eabi/4.7.2/thumb2/crtbegin.o
 .rel.got       0x0000000000000000        0x0 /Users/edwinfinch/pebble-dev/PebbleSDK-2.8/arm-cs-tools/bin/../lib/gcc/arm-none-eabi/4.7.2/thumb2/crtbegin.o

.data           0x0000000000000b30       0x34
 *(.data)
 .data          0x0000000000000b30        0x0 /Users/edwinfinch/pebble-dev/PebbleSDK-2.8/arm-cs-tools/bin/../lib/gcc/arm-none-eabi/4.7.2/thumb2/crti.o
 .data          0x0000000000000b30        0x4 /Users/edwinfinch/pebble-dev/PebbleSDK-2.8/arm-cs-tools/bin/../lib/gcc/arm-none-eabi/4.7.2/thumb2/crtbegin.o
                0x0000000000000b30                __dso_handle
 .data          0x0000000000000b34        0x0 src/animated_ab.c.10.o
 .data          0x0000000000000b34        0x0 src/data_framework.c.10.o
 .data          0x0000000000000b34        0x0 src/extras.c.10.o
 .data          0x0000000000000b34        0x0 src/main.c.10.o
 .data          0x0000000000000b34        0x0 src/question_window.c.10.o
 .data          0x0000000000000b34        0x0 appinfo.auto.c.10.o
 .data          0x0000000000000b34        0x0 /Users/edwinfinch/pebble-dev/PebbleSDK-2.8/Pebble/lib/libpebble.a(tmpuEcOBApebble.o)
 .data          0x0000000000000b34        0x0 /Users/edwinfinch/pebble-dev/PebbleSDK-2.8/arm-cs-tools/bin/../lib/gcc/arm-none-eabi/4.7.2/thumb2/crtend.o
 .data          0x0000000000000b34        0x0 /Users/edwinfinch/pebble-dev/PebbleSDK-2.8/arm-cs-tools/bin/../lib/gcc/arm-none-eabi/4.7.2/thumb2/crtn.o
 *(.data.*)
 .data.rel.local.pebble_qs_text
                0x0000000000000b34       0x30 src/data_framework.c.10.o
                0x0000000000000b34                pebble_qs_text

.igot.plt       0x0000000000000b64        0x0
 .igot.plt      0x0000000000000000        0x0 /Users/edwinfinch/pebble-dev/PebbleSDK-2.8/arm-cs-tools/bin/../lib/gcc/arm-none-eabi/4.7.2/thumb2/crtbegin.o

.got            0x0000000000000b64       0x24
 .got           0x0000000000000b64       0x24 /Users/edwinfinch/pebble-dev/PebbleSDK-2.8/arm-cs-tools/bin/../lib/gcc/arm-none-eabi/4.7.2/thumb2/crtbegin.o

.got.plt        0x0000000000000b88        0xc
 .got.plt       0x0000000000000b88        0xc /Users/edwinfinch/pebble-dev/PebbleSDK-2.8/arm-cs-tools/bin/../lib/gcc/arm-none-eabi/4.7.2/thumb2/crtbegin.o
                0x0000000000000b88                _GLOBAL_OFFSET_TABLE_

.bss            0x0000000000000b94       0x48
 *(.bss)
 *(.bss.*)
 .bss.prop_animation
                0x0000000000000b94        0x4 src/animated_ab.c.10.o
 .bss.internet_connected
                0x0000000000000b98        0x1 src/data_framework.c.10.o
                0x0000000000000b98                internet_connected
 .bss.something_exists
                0x0000000000000b99        0x1 src/data_framework.c.10.o
                0x0000000000000b99                something_exists
 COMMON         0x0000000000000b9a       0x1f src/data_framework.c.10.o
                0x0000000000000b9a                questions
 *fill*         0x0000000000000bb9        0x3 
 COMMON         0x0000000000000bbc       0x20 src/question_window.c.10.o
                0x0000000000000bbc                current_question
                0x0000000000000bc0                q_window
                0x0000000000000bc4                current_answer
                0x0000000000000bc8                x_icon
                0x0000000000000bcc                title_layer
                0x0000000000000bd0                confirm_ab
                0x0000000000000bd4                question_layer
                0x0000000000000bd8                check_icon

DISCARD
 libc.a(*)
 libm.a(*)
 libgcc.a(*)
 *(.eh_frame)
OUTPUT(/Users/edwinfinch/pebble-projects/Gervai/build/pebble-app.elf elf32-littlearm)

.ARM.attributes
                0x0000000000000000       0x27
 .ARM.attributes
                0x0000000000000000       0x19 /Users/edwinfinch/pebble-dev/PebbleSDK-2.8/arm-cs-tools/bin/../lib/gcc/arm-none-eabi/4.7.2/thumb2/crti.o
 .ARM.attributes
                0x0000000000000019       0x29 /Users/edwinfinch/pebble-dev/PebbleSDK-2.8/arm-cs-tools/bin/../lib/gcc/arm-none-eabi/4.7.2/thumb2/crtbegin.o
 .ARM.attributes
                0x0000000000000042       0x33 src/animated_ab.c.10.o
 .ARM.attributes
                0x0000000000000075       0x33 src/data_framework.c.10.o
 .ARM.attributes
                0x00000000000000a8       0x33 src/extras.c.10.o
 .ARM.attributes
                0x00000000000000db       0x33 src/main.c.10.o
 .ARM.attributes
                0x000000000000010e       0x33 src/question_window.c.10.o
 .ARM.attributes
                0x0000000000000141       0x33 appinfo.auto.c.10.o
 .ARM.attributes
                0x0000000000000174       0x21 /Users/edwinfinch/pebble-dev/PebbleSDK-2.8/Pebble/lib/libpebble.a(tmpuEcOBApebble.o)
 .ARM.attributes
                0x0000000000000195       0x29 /Users/edwinfinch/pebble-dev/PebbleSDK-2.8/arm-cs-tools/bin/../lib/gcc/arm-none-eabi/4.7.2/thumb2/crtend.o
 .ARM.attributes
                0x00000000000001be       0x19 /Users/edwinfinch/pebble-dev/PebbleSDK-2.8/arm-cs-tools/bin/../lib/gcc/arm-none-eabi/4.7.2/thumb2/crtn.o

.comment        0x0000000000000000       0x4e
 .comment       0x0000000000000000       0x4e /Users/edwinfinch/pebble-dev/PebbleSDK-2.8/arm-cs-tools/bin/../lib/gcc/arm-none-eabi/4.7.2/thumb2/crtbegin.o
                                         0x4f (size before relaxing)
 .comment       0x0000000000000000       0x4f src/animated_ab.c.10.o
 .comment       0x0000000000000000       0x4f src/data_framework.c.10.o
 .comment       0x0000000000000000       0x4f src/extras.c.10.o
 .comment       0x0000000000000000       0x4f src/main.c.10.o
 .comment       0x0000000000000000       0x4f src/question_window.c.10.o
 .comment       0x0000000000000000       0x4f appinfo.auto.c.10.o
 .comment       0x0000000000000000       0x4f /Users/edwinfinch/pebble-dev/PebbleSDK-2.8/arm-cs-tools/bin/../lib/gcc/arm-none-eabi/4.7.2/thumb2/crtend.o

.debug_info     0x0000000000000000     0x2ed9
 .debug_info    0x0000000000000000      0x7d4 src/animated_ab.c.10.o
 .debug_info    0x00000000000007d4      0xa5e src/data_framework.c.10.o
 .debug_info    0x0000000000001232      0x979 src/extras.c.10.o
 .debug_info    0x0000000000001bab      0x414 src/main.c.10.o
 .debug_info    0x0000000000001fbf      0xc06 src/question_window.c.10.o
 .debug_info    0x0000000000002bc5      0x314 appinfo.auto.c.10.o

.debug_abbrev   0x0000000000000000      0xc93
 .debug_abbrev  0x0000000000000000      0x24b src/animated_ab.c.10.o
 .debug_abbrev  0x000000000000024b      0x2d7 src/data_framework.c.10.o
 .debug_abbrev  0x0000000000000522      0x224 src/extras.c.10.o
 .debug_abbrev  0x0000000000000746      0x1c1 src/main.c.10.o
 .debug_abbrev  0x0000000000000907      0x2ee src/question_window.c.10.o
 .debug_abbrev  0x0000000000000bf5       0x9e appinfo.auto.c.10.o

.debug_loc      0x0000000000000000      0x863
 .debug_loc     0x0000000000000000      0x15c src/animated_ab.c.10.o
 .debug_loc     0x000000000000015c      0x280 src/data_framework.c.10.o
 .debug_loc     0x00000000000003dc      0x26c src/extras.c.10.o
 .debug_loc     0x0000000000000648       0x40 src/main.c.10.o
 .debug_loc     0x0000000000000688      0x1db src/question_window.c.10.o

.debug_aranges  0x0000000000000000      0x168
 .debug_aranges
                0x0000000000000000       0x40 src/animated_ab.c.10.o
 .debug_aranges
                0x0000000000000040       0x58 src/data_framework.c.10.o
 .debug_aranges
                0x0000000000000098       0x38 src/extras.c.10.o
 .debug_aranges
                0x00000000000000d0       0x28 src/main.c.10.o
 .debug_aranges
                0x00000000000000f8       0x58 src/question_window.c.10.o
 .debug_aranges
                0x0000000000000150       0x18 appinfo.auto.c.10.o

.debug_ranges   0x0000000000000000      0x138
 .debug_ranges  0x0000000000000000       0x30 src/animated_ab.c.10.o
 .debug_ranges  0x0000000000000030       0x80 src/data_framework.c.10.o
 .debug_ranges  0x00000000000000b0       0x28 src/extras.c.10.o
 .debug_ranges  0x00000000000000d8       0x18 src/main.c.10.o
 .debug_ranges  0x00000000000000f0       0x48 src/question_window.c.10.o

.debug_line     0x0000000000000000      0xb07
 .debug_line    0x0000000000000000      0x16d src/animated_ab.c.10.o
 .debug_line    0x000000000000016d      0x26a src/data_framework.c.10.o
 .debug_line    0x00000000000003d7      0x15e src/extras.c.10.o
 .debug_line    0x0000000000000535      0x13a src/main.c.10.o
 .debug_line    0x000000000000066f      0x372 src/question_window.c.10.o
 .debug_line    0x00000000000009e1      0x126 appinfo.auto.c.10.o

.debug_str      0x0000000000000000     0x1186
 .debug_str     0x0000000000000000      0x49a src/animated_ab.c.10.o
                                        0x539 (size before relaxing)
 .debug_str     0x000000000000049a      0x52d src/data_framework.c.10.o
                                        0x68d (size before relaxing)
 .debug_str     0x00000000000009c7      0x1a6 src/extras.c.10.o
                                        0x5ea (size before relaxing)
 .debug_str     0x0000000000000b6d       0xaa src/main.c.10.o
                                        0x3b3 (size before relaxing)
 .debug_str     0x0000000000000c17      0x411 src/question_window.c.10.o
                                        0x73d (size before relaxing)
 .debug_str     0x0000000000001028      0x15e appinfo.auto.c.10.o
                                        0x2c4 (size before relaxing)

.debug_frame    0x0000000000000000      0x2fc
 .debug_frame   0x0000000000000000       0x74 src/animated_ab.c.10.o
 .debug_frame   0x0000000000000074       0xec src/data_framework.c.10.o
 .debug_frame   0x0000000000000160       0x80 src/extras.c.10.o
 .debug_frame   0x00000000000001e0       0x40 src/main.c.10.o
 .debug_frame   0x0000000000000220       0xdc src/question_window.c.10.o
